#
# There is insufficient memory for the Java Runtime Environment to continue.
# Native memory allocation (malloc) failed to allocate 274176 bytes for Chunk::new
# Possible reasons:
#   The system is out of physical RAM or swap space
#   The process is running with CompressedOops enabled, and the Java Heap may be blocking the growth of the native heap
# Possible solutions:
#   Reduce memory load on the system
#   Increase physical memory or swap space
#   Check if swap backing store is full
#   Decrease Java heap size (-Xmx/-Xms)
#   Decrease number of Java threads
#   Decrease Java thread stack sizes (-Xss)
#   Set larger code cache with -XX:ReservedCodeCacheSize=
#   JVM is running with Unscaled Compressed Oops mode in which the Java heap is
#     placed in the first 4GB address space. The Java Heap base address is the
#     maximum limit for the native heap growth. Please use -XX:HeapBaseMinAddress
#     to set the Java Heap base and to place the Java Heap above 4GB virtual address.
# This output file may be truncated or incomplete.
#
#  Out of Memory Error (arena.cpp:189), pid=1968, tid=19436
#
# JRE version: Java(TM) SE Runtime Environment (17.0.12+8) (build 17.0.12+8-LTS-286)
# Java VM: Java HotSpot(TM) 64-Bit Server VM (17.0.12+8-LTS-286, mixed mode, sharing, tiered, compressed oops, compressed class ptrs, g1 gc, windows-amd64)
# No core dump will be written. Minidumps are not enabled by default on client versions of Windows
#

---------------  S U M M A R Y ------------

Command Line: -javaagent:C:\Program Files\JetBrains\IntelliJ IDEA 2025.3.1.1\lib\idea_rt.jar=59893 -Dfile.encoding=UTF-8 com.jobwork.AppLauncher

Host: 13th Gen Intel(R) Core(TM) i5-1334U, 12 cores, 7G,  Windows 11 , 64 bit Build 26100 (10.0.26100.8246)
Time: Mon May  4 10:39:19 2026 India Standard Time elapsed time: 4739.465993 seconds (0d 1h 18m 59s)

---------------  T H R E A D  ---------------

Current thread (0x000002a7625aba70):  JavaThread "C2 CompilerThread0" daemon [_thread_in_native, id=19436, stack(0x000000e4c0d00000,0x000000e4c0e00000)]


Current CompileTask:
C2:4739467 12790       4       com.sun.javafx.sg.prism.NGRegion::renderBorderRectangle (2679 bytes)

Stack: [0x000000e4c0d00000,0x000000e4c0e00000]
Native frames: (J=compiled Java code, j=interpreted, Vv=VM code, C=native code)
V  [jvm.dll+0x67a04a]
V  [jvm.dll+0x7da4ed]
V  [jvm.dll+0x7dbe33]
V  [jvm.dll+0x7dc4a3]
V  [jvm.dll+0x24508f]
V  [jvm.dll+0xab773]
V  [jvm.dll+0xabd3c]
V  [jvm.dll+0x2aa52f]
V  [jvm.dll+0x581eb9]
V  [jvm.dll+0x21f422]
V  [jvm.dll+0x2184c2]
V  [jvm.dll+0x215b65]
V  [jvm.dll+0x1a2960]
V  [jvm.dll+0x22610b]
V  [jvm.dll+0x2242ab]
V  [jvm.dll+0x79075c]
V  [jvm.dll+0x78abea]
V  [jvm.dll+0x678f35]
C  [ucrtbase.dll+0x37b0]
C  [KERNEL32.DLL+0x2e8d7]
C  [ntdll.dll+0x8c3fc]


---------------  P R O C E S S  ---------------

Threads class SMR info:
_java_thread_list=0x000002a76fd03760, length=22, elements={
0x000002a7441fa880, 0x000002a76258f310, 0x000002a76258fcd0, 0x000002a7625a68c0,
0x000002a7625a8290, 0x000002a7625a8c50, 0x000002a7625a9610, 0x000002a7625aba70,
0x000002a7625ac430, 0x000002a7625acd40, 0x000002a7625775f0, 0x000002a767202ab0,
0x000002a762965270, 0x000002a76704f0e0, 0x000002a7673001e0, 0x000002a767c0d220,
0x000002a767bfdf60, 0x000002a7682466e0, 0x000002a7682457b0, 0x000002a768248540,
0x000002a77156d310, 0x000002a77156b4b0
}

Java Threads: ( => current thread )
  0x000002a7441fa880 JavaThread "main" [_thread_blocked, id=9428, stack(0x000000e4c0000000,0x000000e4c0100000)]
  0x000002a76258f310 JavaThread "Reference Handler" daemon [_thread_blocked, id=14824, stack(0x000000e4c0700000,0x000000e4c0800000)]
  0x000002a76258fcd0 JavaThread "Finalizer" daemon [_thread_blocked, id=13936, stack(0x000000e4c0800000,0x000000e4c0900000)]
  0x000002a7625a68c0 JavaThread "Signal Dispatcher" daemon [_thread_blocked, id=2068, stack(0x000000e4c0900000,0x000000e4c0a00000)]
  0x000002a7625a8290 JavaThread "Attach Listener" daemon [_thread_blocked, id=5080, stack(0x000000e4c0a00000,0x000000e4c0b00000)]
  0x000002a7625a8c50 JavaThread "Service Thread" daemon [_thread_blocked, id=6484, stack(0x000000e4c0b00000,0x000000e4c0c00000)]
  0x000002a7625a9610 JavaThread "Monitor Deflation Thread" daemon [_thread_blocked, id=18684, stack(0x000000e4c0c00000,0x000000e4c0d00000)]
=>0x000002a7625aba70 JavaThread "C2 CompilerThread0" daemon [_thread_in_native, id=19436, stack(0x000000e4c0d00000,0x000000e4c0e00000)]
  0x000002a7625ac430 JavaThread "C1 CompilerThread0" daemon [_thread_blocked, id=12748, stack(0x000000e4c0e00000,0x000000e4c0f00000)]
  0x000002a7625acd40 JavaThread "Sweeper thread" daemon [_thread_blocked, id=10744, stack(0x000000e4c0f00000,0x000000e4c1000000)]
  0x000002a7625775f0 JavaThread "Common-Cleaner" daemon [_thread_blocked, id=6736, stack(0x000000e4c1000000,0x000000e4c1100000)]
  0x000002a767202ab0 JavaThread "Monitor Ctrl-Break" daemon [_thread_in_native, id=13212, stack(0x000000e4c1200000,0x000000e4c1300000)]
  0x000002a762965270 JavaThread "Notification Thread" daemon [_thread_blocked, id=16612, stack(0x000000e4c1300000,0x000000e4c1400000)]
  0x000002a76704f0e0 JavaThread "JavaFX-Launcher" [_thread_blocked, id=1424, stack(0x000000e4c1500000,0x000000e4c1600000)]
  0x000002a7673001e0 JavaThread "QuantumRenderer-0" daemon [_thread_blocked, id=16196, stack(0x000000e4c1600000,0x000000e4c1700000)]
  0x000002a767c0d220 JavaThread "InvokeLaterDispatcher" daemon [_thread_blocked, id=14288, stack(0x000000e4c1100000,0x000000e4c1200000)]
  0x000002a767bfdf60 JavaThread "JavaFX Application Thread" [_thread_in_native, id=10244, stack(0x000000e4c1700000,0x000000e4c1800000)]
  0x000002a7682466e0 JavaThread "Thread-2" daemon [_thread_in_native, id=13288, stack(0x000000e4c2700000,0x000000e4c2800000)]
  0x000002a7682457b0 JavaThread "mysql-cj-abandoned-connection-cleanup" daemon [_thread_blocked, id=13236, stack(0x000000e4c3500000,0x000000e4c3600000)]
  0x000002a768248540 JavaThread "HikariPool-1 housekeeper" daemon [_thread_blocked, id=18804, stack(0x000000e4c3700000,0x000000e4c3800000)]
  0x000002a77156d310 JavaThread "Prism Font Disposer" daemon [_thread_blocked, id=19000, stack(0x000000e4c3d00000,0x000000e4c3e00000)]
  0x000002a77156b4b0 JavaThread "Cleaner-0" daemon [_thread_blocked, id=1532, stack(0x000000e4c3e00000,0x000000e4c3f00000)]

Other Threads:
  0x000002a7625881b0 VMThread "VM Thread" [stack: 0x000000e4c0600000,0x000000e4c0700000] [id=18072]
  0x000002a7442787a0 WatcherThread [stack: 0x000000e4c1400000,0x000000e4c1500000] [id=472]
  0x000002a744253fa0 GCTaskThread "GC Thread#0" [stack: 0x000000e4c0100000,0x000000e4c0200000] [id=848]
  0x000002a768195e50 GCTaskThread "GC Thread#1" [stack: 0x000000e4c2800000,0x000000e4c2900000] [id=13912]
  0x000002a768156e70 GCTaskThread "GC Thread#2" [stack: 0x000000e4c2900000,0x000000e4c2a00000] [id=9660]
  0x000002a768157130 GCTaskThread "GC Thread#3" [stack: 0x000000e4c2a00000,0x000000e4c2b00000] [id=15296]
  0x000002a7681573f0 GCTaskThread "GC Thread#4" [stack: 0x000000e4c2b00000,0x000000e4c2c00000] [id=15512]
  0x000002a7681576b0 GCTaskThread "GC Thread#5" [stack: 0x000000e4c2c00000,0x000000e4c2d00000] [id=15552]
  0x000002a76824db80 GCTaskThread "GC Thread#6" [stack: 0x000000e4c2d00000,0x000000e4c2e00000] [id=13208]
  0x000002a76da64cb0 GCTaskThread "GC Thread#7" [stack: 0x000000e4c2f00000,0x000000e4c3000000] [id=4976]
  0x000002a768359790 GCTaskThread "GC Thread#8" [stack: 0x000000e4c3000000,0x000000e4c3100000] [id=2816]
  0x000002a76d8a7ab0 GCTaskThread "GC Thread#9" [stack: 0x000000e4c3100000,0x000000e4c3200000] [id=2584]
  0x000002a744264530 ConcurrentGCThread "G1 Main Marker" [stack: 0x000000e4c0200000,0x000000e4c0300000] [id=13228]
  0x000002a744265f50 ConcurrentGCThread "G1 Conc#0" [stack: 0x000000e4c0300000,0x000000e4c0400000] [id=8600]
  0x000002a76d8a7270 ConcurrentGCThread "G1 Conc#1" [stack: 0x000000e4c3300000,0x000000e4c3400000] [id=15468]
  0x000002a76d8a77f0 ConcurrentGCThread "G1 Conc#2" [stack: 0x000000e4c3400000,0x000000e4c3500000] [id=15208]
  0x000002a7624329d0 ConcurrentGCThread "G1 Refine#0" [stack: 0x000000e4c0400000,0x000000e4c0500000] [id=8840]
  0x000002a76f0a3640 ConcurrentGCThread "G1 Refine#1" [stack: 0x000000e4c3c00000,0x000000e4c3d00000] [id=10768]
  0x000002a7624361c0 ConcurrentGCThread "G1 Service" [stack: 0x000000e4c0500000,0x000000e4c0600000] [id=12512]

Threads with active compile tasks:
C2 CompilerThread0  4739553 12790       4       com.sun.javafx.sg.prism.NGRegion::renderBorderRectangle (2679 bytes)

VM state: not at safepoint (normal execution)

VM Mutex/Monitor currently owned by a thread: None

Heap address: 0x0000000084e00000, size: 1970 MB, Compressed Oops mode: 32-bit

CDS archive(s) mapped at: [0x000002a700000000-0x000002a700bd0000-0x000002a700bd0000), size 12386304, SharedBaseAddress: 0x000002a700000000, ArchiveRelocationMode: 1.
Compressed class space mapped at: 0x000002a701000000-0x000002a741000000, reserved size: 1073741824
Narrow klass base: 0x000002a700000000, Narrow klass shift: 0, Narrow klass range: 0x100000000

GC Precious Log:
 CPUs: 12 total, 12 available
 Memory: 7876M
 Large Page Support: Disabled
 NUMA Support: Disabled
 Compressed Oops: Enabled (32-bit)
 Heap Region Size: 1M
 Heap Min Capacity: 8M
 Heap Initial Capacity: 124M
 Heap Max Capacity: 1970M
 Pre-touch: Disabled
 Parallel Workers: 10
 Concurrent Workers: 3
 Concurrent Refinement Workers: 10
 Periodic GC: Disabled

Heap:
 garbage-first heap   total 124928K, used 88689K [0x0000000084e00000, 0x0000000100000000)
  region size 1024K, 28 young (28672K), 4 survivors (4096K)
 Metaspace       used 78769K, committed 79424K, reserved 1179648K
  class space    used 11212K, committed 11520K, reserved 1048576K

Heap Regions: E=young(eden), S=young(survivor), O=old, HS=humongous(starts), HC=humongous(continues), CS=collection set, F=free, OA=open archive, CA=closed archive, TAMS=top-at-mark-start (previous, next)
|   0|0x0000000084e00000, 0x0000000084f00000, 0x0000000084f00000|100%|HS|  |TAMS 0x0000000084f00000, 0x0000000084e00000| Complete 
|   1|0x0000000084f00000, 0x0000000085000000, 0x0000000085000000|100%| O|  |TAMS 0x0000000085000000, 0x0000000084f00000| Untracked 
|   2|0x0000000085000000, 0x0000000085100000, 0x0000000085100000|100%| O|  |TAMS 0x0000000085100000, 0x0000000085000000| Untracked 
|   3|0x0000000085100000, 0x0000000085200000, 0x0000000085200000|100%| O|  |TAMS 0x0000000085200000, 0x0000000085100000| Untracked 
|   4|0x0000000085200000, 0x0000000085300000, 0x0000000085300000|100%| O|  |TAMS 0x0000000085300000, 0x0000000085200000| Untracked 
|   5|0x0000000085300000, 0x0000000085400000, 0x0000000085400000|100%| O|  |TAMS 0x0000000085400000, 0x0000000085300000| Untracked 
|   6|0x0000000085400000, 0x0000000085500000, 0x0000000085500000|100%| O|  |TAMS 0x0000000085500000, 0x0000000085400000| Untracked 
|   7|0x0000000085500000, 0x0000000085600000, 0x0000000085600000|100%| O|  |TAMS 0x0000000085600000, 0x0000000085500000| Untracked 
|   8|0x0000000085600000, 0x0000000085700000, 0x0000000085700000|100%| O|  |TAMS 0x0000000085700000, 0x0000000085600000| Untracked 
|   9|0x0000000085700000, 0x0000000085800000, 0x0000000085800000|100%| O|  |TAMS 0x0000000085800000, 0x0000000085700000| Untracked 
|  10|0x0000000085800000, 0x0000000085900000, 0x0000000085900000|100%| O|  |TAMS 0x0000000085900000, 0x0000000085800000| Untracked 
|  11|0x0000000085900000, 0x0000000085a00000, 0x0000000085a00000|100%| O|  |TAMS 0x0000000085a00000, 0x0000000085900000| Untracked 
|  12|0x0000000085a00000, 0x0000000085b00000, 0x0000000085b00000|100%| O|  |TAMS 0x0000000085b00000, 0x0000000085a00000| Untracked 
|  13|0x0000000085b00000, 0x0000000085c00000, 0x0000000085c00000|100%| O|  |TAMS 0x0000000085c00000, 0x0000000085b00000| Untracked 
|  14|0x0000000085c00000, 0x0000000085d00000, 0x0000000085d00000|100%| O|  |TAMS 0x0000000085d00000, 0x0000000085c00000| Untracked 
|  15|0x0000000085d00000, 0x0000000085e00000, 0x0000000085e00000|100%| O|  |TAMS 0x0000000085e00000, 0x0000000085d00000| Untracked 
|  16|0x0000000085e00000, 0x0000000085f00000, 0x0000000085f00000|100%| O|  |TAMS 0x0000000085f00000, 0x0000000085e00000| Untracked 
|  17|0x0000000085f00000, 0x0000000085fc9c00, 0x0000000086000000| 78%| O|  |TAMS 0x0000000085fc9c00, 0x0000000085f00000| Complete 
|  18|0x0000000086000000, 0x0000000086100000, 0x0000000086100000|100%| O|  |TAMS 0x0000000086100000, 0x0000000086000000| Complete 
|  19|0x0000000086100000, 0x0000000086200000, 0x0000000086200000|100%| O|  |TAMS 0x0000000086200000, 0x0000000086100000| Untracked 
|  20|0x0000000086200000, 0x0000000086300000, 0x0000000086300000|100%| O|  |TAMS 0x0000000086300000, 0x0000000086200000| Untracked 
|  21|0x0000000086300000, 0x0000000086400000, 0x0000000086400000|100%| O|  |TAMS 0x0000000086400000, 0x0000000086300000| Untracked 
|  22|0x0000000086400000, 0x0000000086500000, 0x0000000086500000|100%| O|  |TAMS 0x0000000086500000, 0x0000000086400000| Untracked 
|  23|0x0000000086500000, 0x0000000086600000, 0x0000000086600000|100%| O|  |TAMS 0x0000000086600000, 0x0000000086500000| Untracked 
|  24|0x0000000086600000, 0x0000000086700000, 0x0000000086700000|100%| O|  |TAMS 0x0000000086700000, 0x0000000086600000| Untracked 
|  25|0x0000000086700000, 0x0000000086800000, 0x0000000086800000|100%| O|  |TAMS 0x0000000086800000, 0x0000000086700000| Untracked 
|  26|0x0000000086800000, 0x0000000086900000, 0x0000000086900000|100%| O|  |TAMS 0x0000000086900000, 0x0000000086800000| Untracked 
|  27|0x0000000086900000, 0x0000000086a00000, 0x0000000086a00000|100%| O|  |TAMS 0x0000000086a00000, 0x0000000086900000| Untracked 
|  28|0x0000000086a00000, 0x0000000086b00000, 0x0000000086b00000|100%| O|  |TAMS 0x0000000086b00000, 0x0000000086a00000| Untracked 
|  29|0x0000000086b00000, 0x0000000086c00000, 0x0000000086c00000|100%| O|  |TAMS 0x0000000086c00000, 0x0000000086b00000| Untracked 
|  30|0x0000000086c00000, 0x0000000086d00000, 0x0000000086d00000|100%| O|  |TAMS 0x0000000086d00000, 0x0000000086c00000| Untracked 
|  31|0x0000000086d00000, 0x0000000086e00000, 0x0000000086e00000|100%| O|  |TAMS 0x0000000086e00000, 0x0000000086d00000| Untracked 
|  32|0x0000000086e00000, 0x0000000086f00000, 0x0000000086f00000|100%| O|  |TAMS 0x0000000086f00000, 0x0000000086e00000| Untracked 
|  33|0x0000000086f00000, 0x0000000087000000, 0x0000000087000000|100%| O|  |TAMS 0x0000000087000000, 0x0000000086f00000| Untracked 
|  34|0x0000000087000000, 0x0000000087100000, 0x0000000087100000|100%|HS|  |TAMS 0x0000000087100000, 0x0000000087000000| Complete 
|  35|0x0000000087100000, 0x0000000087200000, 0x0000000087200000|100%|HC|  |TAMS 0x0000000087200000, 0x0000000087100000| Complete 
|  36|0x0000000087200000, 0x0000000087300000, 0x0000000087300000|100%| O|  |TAMS 0x0000000087300000, 0x0000000087200000| Untracked 
|  37|0x0000000087300000, 0x0000000087400000, 0x0000000087400000|100%| O|  |TAMS 0x0000000087400000, 0x0000000087300000| Untracked 
|  38|0x0000000087400000, 0x0000000087500000, 0x0000000087500000|100%| O|  |TAMS 0x0000000087500000, 0x0000000087400000| Untracked 
|  39|0x0000000087500000, 0x0000000087600000, 0x0000000087600000|100%| O|  |TAMS 0x0000000087600000, 0x0000000087500000| Untracked 
|  40|0x0000000087600000, 0x0000000087700000, 0x0000000087700000|100%| O|  |TAMS 0x0000000087700000, 0x0000000087600000| Untracked 
|  41|0x0000000087700000, 0x0000000087800000, 0x0000000087800000|100%| O|  |TAMS 0x0000000087800000, 0x0000000087700000| Untracked 
|  42|0x0000000087800000, 0x0000000087900000, 0x0000000087900000|100%| O|  |TAMS 0x0000000087900000, 0x0000000087800000| Untracked 
|  43|0x0000000087900000, 0x0000000087a00000, 0x0000000087a00000|100%| O|  |TAMS 0x0000000087a00000, 0x0000000087900000| Untracked 
|  44|0x0000000087a00000, 0x0000000087b00000, 0x0000000087b00000|100%| O|  |TAMS 0x0000000087b00000, 0x0000000087a00000| Untracked 
|  45|0x0000000087b00000, 0x0000000087c00000, 0x0000000087c00000|100%| O|  |TAMS 0x0000000087c00000, 0x0000000087b00000| Untracked 
|  46|0x0000000087c00000, 0x0000000087d00000, 0x0000000087d00000|100%| O|  |TAMS 0x0000000087d00000, 0x0000000087c00000| Untracked 
|  47|0x0000000087d00000, 0x0000000087e00000, 0x0000000087e00000|100%| O|  |TAMS 0x0000000087e00000, 0x0000000087d00000| Untracked 
|  48|0x0000000087e00000, 0x0000000087f00000, 0x0000000087f00000|100%| O|  |TAMS 0x0000000087f00000, 0x0000000087e00000| Untracked 
|  49|0x0000000087f00000, 0x0000000088000000, 0x0000000088000000|100%| O|  |TAMS 0x0000000088000000, 0x0000000087f00000| Untracked 
|  50|0x0000000088000000, 0x00000000880d2a00, 0x0000000088100000| 82%| O|  |TAMS 0x0000000088000000, 0x0000000088000000| Untracked 
|  51|0x0000000088100000, 0x0000000088200000, 0x0000000088200000|100%| O|  |TAMS 0x0000000088200000, 0x0000000088100000| Complete 
|  52|0x0000000088200000, 0x0000000088300000, 0x0000000088300000|100%| O|  |TAMS 0x0000000088300000, 0x0000000088200000| Untracked 
|  53|0x0000000088300000, 0x0000000088400000, 0x0000000088400000|100%| O|  |TAMS 0x0000000088400000, 0x0000000088300000| Untracked 
|  54|0x0000000088400000, 0x0000000088500000, 0x0000000088500000|100%| O|  |TAMS 0x0000000088500000, 0x0000000088400000| Complete 
|  55|0x0000000088500000, 0x0000000088600000, 0x0000000088600000|100%| O|  |TAMS 0x0000000088600000, 0x0000000088500000| Untracked 
|  56|0x0000000088600000, 0x0000000088700000, 0x0000000088700000|100%| O|  |TAMS 0x0000000088700000, 0x0000000088600000| Untracked 
|  57|0x0000000088700000, 0x0000000088800000, 0x0000000088800000|100%| O|  |TAMS 0x0000000088800000, 0x0000000088700000| Complete 
|  58|0x0000000088800000, 0x0000000088900000, 0x0000000088900000|100%| O|  |TAMS 0x0000000088900000, 0x0000000088800000| Untracked 
|  59|0x0000000088900000, 0x0000000088a00000, 0x0000000088a00000|100%| O|  |TAMS 0x00000000889d6e00, 0x0000000088900000| Untracked 
|  60|0x0000000088a00000, 0x0000000088a00000, 0x0000000088b00000|  0%| F|  |TAMS 0x0000000088a00000, 0x0000000088a00000| Untracked 
|  61|0x0000000088b00000, 0x0000000088b00000, 0x0000000088c00000|  0%| F|  |TAMS 0x0000000088b00000, 0x0000000088b00000| Untracked 
|  62|0x0000000088c00000, 0x0000000088c00000, 0x0000000088d00000|  0%| F|  |TAMS 0x0000000088c00000, 0x0000000088c00000| Untracked 
|  63|0x0000000088d00000, 0x0000000088d00000, 0x0000000088e00000|  0%| F|  |TAMS 0x0000000088d00000, 0x0000000088d00000| Untracked 
|  64|0x0000000088e00000, 0x0000000088e00000, 0x0000000088f00000|  0%| F|  |TAMS 0x0000000088e00000, 0x0000000088e00000| Untracked 
|  65|0x0000000088f00000, 0x0000000088f00000, 0x0000000089000000|  0%| F|  |TAMS 0x0000000088f00000, 0x0000000088f00000| Untracked 
|  66|0x0000000089000000, 0x0000000089000000, 0x0000000089100000|  0%| F|  |TAMS 0x0000000089000000, 0x0000000089000000| Untracked 
|  67|0x0000000089100000, 0x0000000089100000, 0x0000000089200000|  0%| F|  |TAMS 0x0000000089100000, 0x0000000089100000| Untracked 
|  68|0x0000000089200000, 0x0000000089200000, 0x0000000089300000|  0%| F|  |TAMS 0x0000000089200000, 0x0000000089200000| Untracked 
|  69|0x0000000089300000, 0x0000000089300000, 0x0000000089400000|  0%| F|  |TAMS 0x0000000089300000, 0x0000000089300000| Untracked 
|  70|0x0000000089400000, 0x0000000089400000, 0x0000000089500000|  0%| F|  |TAMS 0x0000000089400000, 0x0000000089400000| Untracked 
|  71|0x0000000089500000, 0x0000000089500000, 0x0000000089600000|  0%| F|  |TAMS 0x0000000089500000, 0x0000000089500000| Untracked 
|  72|0x0000000089600000, 0x0000000089600000, 0x0000000089700000|  0%| F|  |TAMS 0x0000000089600000, 0x0000000089600000| Untracked 
|  73|0x0000000089700000, 0x0000000089700000, 0x0000000089800000|  0%| F|  |TAMS 0x0000000089700000, 0x0000000089700000| Untracked 
|  74|0x0000000089800000, 0x0000000089800000, 0x0000000089900000|  0%| F|  |TAMS 0x0000000089800000, 0x0000000089800000| Untracked 
|  75|0x0000000089900000, 0x0000000089900000, 0x0000000089a00000|  0%| F|  |TAMS 0x0000000089900000, 0x0000000089900000| Untracked 
|  76|0x0000000089a00000, 0x0000000089a00000, 0x0000000089b00000|  0%| F|  |TAMS 0x0000000089a00000, 0x0000000089a00000| Untracked 
|  77|0x0000000089b00000, 0x0000000089b00000, 0x0000000089c00000|  0%| F|  |TAMS 0x0000000089b00000, 0x0000000089b00000| Untracked 
|  78|0x0000000089c00000, 0x0000000089c00000, 0x0000000089d00000|  0%| F|  |TAMS 0x0000000089c00000, 0x0000000089c00000| Untracked 
|  79|0x0000000089d00000, 0x0000000089d00000, 0x0000000089e00000|  0%| F|  |TAMS 0x0000000089d00000, 0x0000000089d00000| Untracked 
|  80|0x0000000089e00000, 0x0000000089e00000, 0x0000000089f00000|  0%| F|  |TAMS 0x0000000089e00000, 0x0000000089e00000| Untracked 
|  81|0x0000000089f00000, 0x0000000089f00000, 0x000000008a000000|  0%| F|  |TAMS 0x0000000089f00000, 0x0000000089f00000| Untracked 
|  82|0x000000008a000000, 0x000000008a000000, 0x000000008a100000|  0%| F|  |TAMS 0x000000008a000000, 0x000000008a000000| Untracked 
|  83|0x000000008a100000, 0x000000008a100000, 0x000000008a200000|  0%| F|  |TAMS 0x000000008a100000, 0x000000008a100000| Untracked 
|  84|0x000000008a200000, 0x000000008a200000, 0x000000008a300000|  0%| F|  |TAMS 0x000000008a200000, 0x000000008a200000| Untracked 
|  85|0x000000008a300000, 0x000000008a300000, 0x000000008a400000|  0%| F|  |TAMS 0x000000008a300000, 0x000000008a300000| Untracked 
|  86|0x000000008a400000, 0x000000008a400000, 0x000000008a500000|  0%| F|  |TAMS 0x000000008a400000, 0x000000008a400000| Untracked 
|  87|0x000000008a500000, 0x000000008a600000, 0x000000008a600000|100%| S|CS|TAMS 0x000000008a500000, 0x000000008a500000| Complete 
|  88|0x000000008a600000, 0x000000008a700000, 0x000000008a700000|100%| S|CS|TAMS 0x000000008a600000, 0x000000008a600000| Complete 
|  89|0x000000008a700000, 0x000000008a800000, 0x000000008a800000|100%| S|CS|TAMS 0x000000008a700000, 0x000000008a700000| Complete 
|  90|0x000000008a800000, 0x000000008a900000, 0x000000008a900000|100%| S|CS|TAMS 0x000000008a800000, 0x000000008a800000| Complete 
|  91|0x000000008a900000, 0x000000008a900000, 0x000000008aa00000|  0%| F|  |TAMS 0x000000008a900000, 0x000000008a900000| Untracked 
|  92|0x000000008aa00000, 0x000000008aa00000, 0x000000008ab00000|  0%| F|  |TAMS 0x000000008aa00000, 0x000000008aa00000| Untracked 
|  93|0x000000008ab00000, 0x000000008ab00000, 0x000000008ac00000|  0%| F|  |TAMS 0x000000008ab00000, 0x000000008ab00000| Untracked 
|  94|0x000000008ac00000, 0x000000008ac00000, 0x000000008ad00000|  0%| F|  |TAMS 0x000000008ac00000, 0x000000008ac00000| Untracked 
|  95|0x000000008ad00000, 0x000000008ad00000, 0x000000008ae00000|  0%| F|  |TAMS 0x000000008ad00000, 0x000000008ad00000| Untracked 
|  96|0x000000008ae00000, 0x000000008ae00000, 0x000000008af00000|  0%| F|  |TAMS 0x000000008ae00000, 0x000000008ae00000| Untracked 
|  97|0x000000008af00000, 0x000000008af00000, 0x000000008b000000|  0%| F|  |TAMS 0x000000008af00000, 0x000000008af00000| Untracked 
|  98|0x000000008b000000, 0x000000008b090a88, 0x000000008b100000| 56%| E|  |TAMS 0x000000008b000000, 0x000000008b000000| Complete 
|  99|0x000000008b100000, 0x000000008b200000, 0x000000008b200000|100%| E|CS|TAMS 0x000000008b100000, 0x000000008b100000| Complete 
| 100|0x000000008b200000, 0x000000008b300000, 0x000000008b300000|100%| E|CS|TAMS 0x000000008b200000, 0x000000008b200000| Complete 
| 101|0x000000008b300000, 0x000000008b400000, 0x000000008b400000|100%| E|CS|TAMS 0x000000008b300000, 0x000000008b300000| Complete 
| 102|0x000000008b400000, 0x000000008b500000, 0x000000008b500000|100%| E|CS|TAMS 0x000000008b400000, 0x000000008b400000| Complete 
| 103|0x000000008b500000, 0x000000008b600000, 0x000000008b600000|100%| E|CS|TAMS 0x000000008b500000, 0x000000008b500000| Complete 
| 104|0x000000008b600000, 0x000000008b700000, 0x000000008b700000|100%| E|CS|TAMS 0x000000008b600000, 0x000000008b600000| Complete 
| 105|0x000000008b700000, 0x000000008b800000, 0x000000008b800000|100%| E|CS|TAMS 0x000000008b700000, 0x000000008b700000| Complete 
| 106|0x000000008b800000, 0x000000008b900000, 0x000000008b900000|100%| E|CS|TAMS 0x000000008b800000, 0x000000008b800000| Complete 
| 107|0x000000008b900000, 0x000000008ba00000, 0x000000008ba00000|100%| E|CS|TAMS 0x000000008b900000, 0x000000008b900000| Complete 
| 108|0x000000008ba00000, 0x000000008bb00000, 0x000000008bb00000|100%| E|CS|TAMS 0x000000008ba00000, 0x000000008ba00000| Complete 
| 109|0x000000008bb00000, 0x000000008bc00000, 0x000000008bc00000|100%| E|CS|TAMS 0x000000008bb00000, 0x000000008bb00000| Complete 
| 110|0x000000008bc00000, 0x000000008bd00000, 0x000000008bd00000|100%| E|CS|TAMS 0x000000008bc00000, 0x000000008bc00000| Complete 
| 111|0x000000008bd00000, 0x000000008be00000, 0x000000008be00000|100%| E|CS|TAMS 0x000000008bd00000, 0x000000008bd00000| Complete 
| 112|0x000000008be00000, 0x000000008bf00000, 0x000000008bf00000|100%| E|CS|TAMS 0x000000008be00000, 0x000000008be00000| Complete 
| 113|0x000000008bf00000, 0x000000008c000000, 0x000000008c000000|100%| E|CS|TAMS 0x000000008bf00000, 0x000000008bf00000| Complete 
| 114|0x000000008c000000, 0x000000008c100000, 0x000000008c100000|100%| E|CS|TAMS 0x000000008c000000, 0x000000008c000000| Complete 
| 115|0x000000008c100000, 0x000000008c200000, 0x000000008c200000|100%| E|CS|TAMS 0x000000008c100000, 0x000000008c100000| Complete 
| 116|0x000000008c200000, 0x000000008c300000, 0x000000008c300000|100%| E|CS|TAMS 0x000000008c200000, 0x000000008c200000| Complete 
| 117|0x000000008c300000, 0x000000008c400000, 0x000000008c400000|100%| E|CS|TAMS 0x000000008c300000, 0x000000008c300000| Complete 
| 118|0x000000008c400000, 0x000000008c500000, 0x000000008c500000|100%| E|CS|TAMS 0x000000008c400000, 0x000000008c400000| Complete 
| 119|0x000000008c500000, 0x000000008c600000, 0x000000008c600000|100%| E|CS|TAMS 0x000000008c500000, 0x000000008c500000| Complete 
| 120|0x000000008c600000, 0x000000008c700000, 0x000000008c700000|100%| E|CS|TAMS 0x000000008c600000, 0x000000008c600000| Complete 
| 123|0x000000008c900000, 0x000000008ca00000, 0x000000008ca00000|100%| E|CS|TAMS 0x000000008c900000, 0x000000008c900000| Complete 

Card table byte_map: [0x000002a75b3e0000,0x000002a75b7c0000] _byte_map_base: 0x000002a75afb9000

Marking Bits (Prev, Next): (CMBitMap*) 0x000002a7442545c0, (CMBitMap*) 0x000002a744254600
 Prev Bits: [0x000002a75bba0000, 0x000002a75da68000)
 Next Bits: [0x000002a75da70000, 0x000002a75f938000)

Polling page: 0x000002a7421f0000

Metaspace:

Usage:
  Non-class:     65.97 MB used.
      Class:     10.95 MB used.
       Both:     76.92 MB used.

Virtual space:
  Non-class space:      128.00 MB reserved,      66.31 MB ( 52%) committed,  2 nodes.
      Class space:        1.00 GB reserved,      11.25 MB (  1%) committed,  1 nodes.
             Both:        1.12 GB reserved,      77.56 MB (  7%) committed. 

Chunk freelists:
   Non-Class:  13.71 MB
       Class:  4.82 MB
        Both:  18.53 MB

MaxMetaspaceSize: unlimited
CompressedClassSpaceSize: 1.00 GB
Initial GC threshold: 21.00 MB
Current GC threshold: 129.31 MB
CDS: on
MetaspaceReclaimPolicy: balanced
 - commit_granule_bytes: 65536.
 - commit_granule_words: 8192.
 - virtual_space_node_default_size: 8388608.
 - enlarge_chunks_in_place: 1.
 - new_chunks_are_fully_committed: 0.
 - uncommit_free_chunks: 1.
 - use_allocation_guard: 0.
 - handle_deallocations: 1.


Internal statistics:

num_allocs_failed_limit: 9.
num_arena_births: 820.
num_arena_deaths: 208.
num_vsnodes_births: 3.
num_vsnodes_deaths: 0.
num_space_committed: 1241.
num_space_uncommitted: 0.
num_chunks_returned_to_freelist: 243.
num_chunks_taken_from_freelist: 3677.
num_chunk_merges: 76.
num_chunk_splits: 2682.
num_chunks_enlarged: 2134.
num_inconsistent_stats: 0.

CodeHeap 'non-profiled nmethods': size=120000Kb used=7528Kb max_used=7928Kb free=112471Kb
 bounds [0x000002a753580000, 0x000002a753d40000, 0x000002a75aab0000]
CodeHeap 'profiled nmethods': size=120000Kb used=20456Kb max_used=22220Kb free=99543Kb
 bounds [0x000002a74bab0000, 0x000002a74d070000, 0x000002a752fe0000]
CodeHeap 'non-nmethods': size=5760Kb used=1608Kb max_used=1658Kb free=4151Kb
 bounds [0x000002a752fe0000, 0x000002a753250000, 0x000002a753580000]
 total_blobs=11652 nmethods=10639 adapters=924
 compilation: enabled
              stopped_count=0, restarted_count=0
 full_count=0

Compilation events (20 events):
Event: 4736.061 Thread 0x000002a7625ac430 nmethod 12780 0x000002a74bff3a10 code [0x000002a74bff3bc0, 0x000002a74bff3d08]
Event: 4736.069 Thread 0x000002a7625aba70 12781       4       javafx.css.Match::<init> (90 bytes)
Event: 4736.083 Thread 0x000002a7625ac430 12783       3       javafx.scene.layout.GridPane::shouldRowFillHeight (32 bytes)
Event: 4736.085 Thread 0x000002a7625ac430 nmethod 12783 0x000002a74c7e5890 code [0x000002a74c7e5a80, 0x000002a74c7e5f28]
Event: 4736.097 Thread 0x000002a7625aba70 nmethod 12781 0x000002a7537afc90 code [0x000002a7537afe40, 0x000002a7537b0378]
Event: 4736.097 Thread 0x000002a7625aba70 12782       4       javafx.scene.text.Font::equals (70 bytes)
Event: 4736.104 Thread 0x000002a7625aba70 nmethod 12782 0x000002a7537af790 code [0x000002a7537af920, 0x000002a7537afb58]
Event: 4736.104 Thread 0x000002a7625aba70 12784       4       javafx.geometry.BoundingBox::<init> (18 bytes)
Event: 4736.107 Thread 0x000002a7625aba70 nmethod 12784 0x000002a7537af490 code [0x000002a7537af600, 0x000002a7537af6b8]
Event: 4737.136 Thread 0x000002a7625aba70 12785       4       javafx.scene.Parent::updateCachedBounds (502 bytes)
Event: 4737.171 Thread 0x000002a7625ac430 12787       3       javafx.scene.layout.VBox::computeContentHeight (39 bytes)
Event: 4737.204 Thread 0x000002a7625ac430 nmethod 12787 0x000002a74ca1c990 code [0x000002a74ca1cc40, 0x000002a74ca1d9e8]
Event: 4737.204 Thread 0x000002a7625ac430 12788       3       java.util.ArrayList::shiftTailOverGap (53 bytes)
Event: 4737.204 Thread 0x000002a7625ac430 nmethod 12788 0x000002a74c3dcf90 code [0x000002a74c3dd160, 0x000002a74c3dd5c8]
Event: 4737.205 Thread 0x000002a7625ac430 12789       3       java.util.ArrayList$SubList::updateSizeAndModCount (33 bytes)
Event: 4737.206 Thread 0x000002a7625ac430 nmethod 12789 0x000002a74c98e010 code [0x000002a74c98e1a0, 0x000002a74c98e378]
Event: 4737.267 Thread 0x000002a7625aba70 nmethod 12785 0x000002a753c4ce10 code [0x000002a753c4d060, 0x000002a753c4f660]
Event: 4737.267 Thread 0x000002a7625aba70 12786       4       javafx.scene.control.Labeled::getContentBias (15 bytes)
Event: 4737.282 Thread 0x000002a7625aba70 nmethod 12786 0x000002a7537af090 code [0x000002a7537af220, 0x000002a7537af338]
Event: 4737.312 Thread 0x000002a7625aba70 12790       4       com.sun.javafx.sg.prism.NGRegion::renderBorderRectangle (2679 bytes)

GC Heap History (20 events):
Event: 5.981 GC heap before
{Heap before GC invocations=13 (full 0):
 garbage-first heap   total 86016K, used 66961K [0x0000000084e00000, 0x0000000100000000)
  region size 1024K, 35 young (35840K), 2 survivors (2048K)
 Metaspace       used 58291K, committed 58816K, reserved 1114112K
  class space    used 8037K, committed 8320K, reserved 1048576K
}
Event: 5.983 GC heap after
{Heap after GC invocations=14 (full 0):
 garbage-first heap   total 86016K, used 33676K [0x0000000084e00000, 0x0000000100000000)
  region size 1024K, 3 young (3072K), 3 survivors (3072K)
 Metaspace       used 58291K, committed 58816K, reserved 1114112K
  class space    used 8037K, committed 8320K, reserved 1048576K
}
Event: 6.220 GC heap before
{Heap before GC invocations=14 (full 0):
 garbage-first heap   total 86016K, used 67468K [0x0000000084e00000, 0x0000000100000000)
  region size 1024K, 36 young (36864K), 3 survivors (3072K)
 Metaspace       used 59079K, committed 59584K, reserved 1114112K
  class space    used 8120K, committed 8384K, reserved 1048576K
}
Event: 6.226 GC heap after
{Heap after GC invocations=15 (full 0):
 garbage-first heap   total 86016K, used 34526K [0x0000000084e00000, 0x0000000100000000)
  region size 1024K, 4 young (4096K), 4 survivors (4096K)
 Metaspace       used 59079K, committed 59584K, reserved 1114112K
  class space    used 8120K, committed 8384K, reserved 1048576K
}
Event: 6.502 GC heap before
{Heap before GC invocations=15 (full 0):
 garbage-first heap   total 86016K, used 47838K [0x0000000084e00000, 0x0000000100000000)
  region size 1024K, 18 young (18432K), 4 survivors (4096K)
 Metaspace       used 59629K, committed 60096K, reserved 1114112K
  class space    used 8146K, committed 8384K, reserved 1048576K
}
Event: 6.508 GC heap after
{Heap after GC invocations=16 (full 0):
 garbage-first heap   total 103424K, used 35465K [0x0000000084e00000, 0x0000000100000000)
  region size 1024K, 4 young (4096K), 4 survivors (4096K)
 Metaspace       used 59629K, committed 60096K, reserved 1114112K
  class space    used 8146K, committed 8384K, reserved 1048576K
}
Event: 7.868 GC heap before
{Heap before GC invocations=17 (full 0):
 garbage-first heap   total 103424K, used 80521K [0x0000000084e00000, 0x0000000100000000)
  region size 1024K, 49 young (50176K), 4 survivors (4096K)
 Metaspace       used 69714K, committed 70272K, reserved 1114112K
  class space    used 10048K, committed 10304K, reserved 1048576K
}
Event: 7.875 GC heap after
{Heap after GC invocations=18 (full 0):
 garbage-first heap   total 103424K, used 40946K [0x0000000084e00000, 0x0000000100000000)
  region size 1024K, 7 young (7168K), 7 survivors (7168K)
 Metaspace       used 69714K, committed 70272K, reserved 1114112K
  class space    used 10048K, committed 10304K, reserved 1048576K
}
Event: 8.832 GC heap before
{Heap before GC invocations=18 (full 0):
 garbage-first heap   total 103424K, used 81906K [0x0000000084e00000, 0x0000000100000000)
  region size 1024K, 46 young (47104K), 7 survivors (7168K)
 Metaspace       used 74579K, committed 75136K, reserved 1114112K
  class space    used 10910K, committed 11200K, reserved 1048576K
}
Event: 8.848 GC heap after
{Heap after GC invocations=19 (full 0):
 garbage-first heap   total 103424K, used 53150K [0x0000000084e00000, 0x0000000100000000)
  region size 1024K, 6 young (6144K), 6 survivors (6144K)
 Metaspace       used 74579K, committed 75136K, reserved 1114112K
  class space    used 10910K, committed 11200K, reserved 1048576K
}
Event: 31.832 GC heap before
{Heap before GC invocations=19 (full 0):
 garbage-first heap   total 103424K, used 74654K [0x0000000084e00000, 0x0000000100000000)
  region size 1024K, 28 young (28672K), 6 survivors (6144K)
 Metaspace       used 76399K, committed 76928K, reserved 1179648K
  class space    used 11011K, committed 11264K, reserved 1048576K
}
Event: 31.841 GC heap after
{Heap after GC invocations=20 (full 0):
 garbage-first heap   total 103424K, used 54719K [0x0000000084e00000, 0x0000000100000000)
  region size 1024K, 3 young (3072K), 3 survivors (3072K)
 Metaspace       used 76399K, committed 76928K, reserved 1179648K
  class space    used 11011K, committed 11264K, reserved 1048576K
}
Event: 37.144 GC heap before
{Heap before GC invocations=21 (full 0):
 garbage-first heap   total 103424K, used 61887K [0x0000000084e00000, 0x0000000100000000)
  region size 1024K, 9 young (9216K), 3 survivors (3072K)
 Metaspace       used 76459K, committed 77056K, reserved 1179648K
  class space    used 11016K, committed 11328K, reserved 1048576K
}
Event: 37.149 GC heap after
{Heap after GC invocations=22 (full 0):
 garbage-first heap   total 103424K, used 56567K [0x0000000084e00000, 0x0000000100000000)
  region size 1024K, 2 young (2048K), 2 survivors (2048K)
 Metaspace       used 76459K, committed 77056K, reserved 1179648K
  class space    used 11016K, committed 11328K, reserved 1048576K
}
Event: 132.704 GC heap before
{Heap before GC invocations=23 (full 0):
 garbage-first heap   total 103424K, used 79095K [0x0000000084e00000, 0x0000000100000000)
  region size 1024K, 22 young (22528K), 2 survivors (2048K)
 Metaspace       used 78005K, committed 78528K, reserved 1179648K
  class space    used 11213K, committed 11456K, reserved 1048576K
}
Event: 132.709 GC heap after
{Heap after GC invocations=24 (full 0):
 garbage-first heap   total 124928K, used 60702K [0x0000000084e00000, 0x0000000100000000)
  region size 1024K, 3 young (3072K), 3 survivors (3072K)
 Metaspace       used 78005K, committed 78528K, reserved 1179648K
  class space    used 11213K, committed 11456K, reserved 1048576K
}
Event: 136.673 GC heap before
{Heap before GC invocations=24 (full 0):
 garbage-first heap   total 124928K, used 63774K [0x0000000084e00000, 0x0000000100000000)
  region size 1024K, 6 young (6144K), 3 survivors (3072K)
 Metaspace       used 78116K, committed 78656K, reserved 1179648K
  class space    used 11221K, committed 11456K, reserved 1048576K
}
Event: 136.679 GC heap after
{Heap after GC invocations=25 (full 0):
 garbage-first heap   total 124928K, used 60694K [0x0000000084e00000, 0x0000000100000000)
  region size 1024K, 1 young (1024K), 1 survivors (1024K)
 Metaspace       used 78116K, committed 78656K, reserved 1179648K
  class space    used 11221K, committed 11456K, reserved 1048576K
}
Event: 4654.320 GC heap before
{Heap before GC invocations=25 (full 0):
 garbage-first heap   total 124928K, used 91414K [0x0000000084e00000, 0x0000000100000000)
  region size 1024K, 31 young (31744K), 1 survivors (1024K)
 Metaspace       used 78832K, committed 79424K, reserved 1179648K
  class space    used 11264K, committed 11520K, reserved 1048576K
}
Event: 4654.389 GC heap after
{Heap after GC invocations=26 (full 0):
 garbage-first heap   total 124928K, used 65137K [0x0000000084e00000, 0x0000000100000000)
  region size 1024K, 4 young (4096K), 4 survivors (4096K)
 Metaspace       used 78832K, committed 79424K, reserved 1179648K
  class space    used 11264K, committed 11520K, reserved 1048576K
}

Deoptimization events (20 events):
Event: 4694.818 Thread 0x000002a767bfdf60 Uncommon trap: trap_request=0xffffff54 fr.pc=0x000002a75361b370 relative=0x0000000000000330
Event: 4694.818 Thread 0x000002a767bfdf60 Uncommon trap: reason=speculate_null_assert action=make_not_entrant pc=0x000002a75361b370 method=org.springframework.util.ConcurrentReferenceHashMap$Segment.restructureIfNecessary(Z)V @ 41 c2
Event: 4694.818 Thread 0x000002a767bfdf60 DEOPT PACKING pc=0x000002a75361b370 sp=0x000000e4c17fb0a0
Event: 4694.819 Thread 0x000002a767bfdf60 DEOPT UNPACKING pc=0x000002a7530323a3 sp=0x000000e4c17fb058 mode 2
Event: 4694.823 Thread 0x000002a767bfdf60 Uncommon trap: trap_request=0xfffffff4 fr.pc=0x000002a7537f6db4 relative=0x00000000000009d4
Event: 4694.823 Thread 0x000002a767bfdf60 Uncommon trap: reason=null_check action=make_not_entrant pc=0x000002a7537f6db4 method=java.lang.Class.reflectionData()Ljava/lang/Class$ReflectionData; @ 18 c2
Event: 4694.823 Thread 0x000002a767bfdf60 DEOPT PACKING pc=0x000002a7537f6db4 sp=0x000000e4c17fafe0
Event: 4694.824 Thread 0x000002a767bfdf60 DEOPT UNPACKING pc=0x000002a7530323a3 sp=0x000000e4c17faf38 mode 2
Event: 4694.825 Thread 0x000002a767bfdf60 Uncommon trap: trap_request=0xfffffff4 fr.pc=0x000002a7537a7eb0 relative=0x0000000000000750
Event: 4694.825 Thread 0x000002a767bfdf60 Uncommon trap: reason=null_check action=make_not_entrant pc=0x000002a7537a7eb0 method=java.lang.Class.reflectionData()Ljava/lang/Class$ReflectionData; @ 18 c2
Event: 4694.825 Thread 0x000002a767bfdf60 DEOPT PACKING pc=0x000002a7537a7eb0 sp=0x000000e4c17faf70
Event: 4694.825 Thread 0x000002a767bfdf60 DEOPT UNPACKING pc=0x000002a7530323a3 sp=0x000000e4c17faf28 mode 2
Event: 4694.888 Thread 0x000002a767bfdf60 Uncommon trap: trap_request=0xfffffff4 fr.pc=0x000002a753949478 relative=0x0000000000000b78
Event: 4694.888 Thread 0x000002a767bfdf60 Uncommon trap: reason=null_check action=make_not_entrant pc=0x000002a753949478 method=java.lang.Class.reflectionData()Ljava/lang/Class$ReflectionData; @ 18 c2
Event: 4694.888 Thread 0x000002a767bfdf60 DEOPT PACKING pc=0x000002a753949478 sp=0x000000e4c17fae10
Event: 4694.889 Thread 0x000002a767bfdf60 DEOPT UNPACKING pc=0x000002a7530323a3 sp=0x000000e4c17fad68 mode 2
Event: 4694.901 Thread 0x000002a767bfdf60 Uncommon trap: trap_request=0xffffff76 fr.pc=0x000002a7537005a4 relative=0x0000000000000084
Event: 4694.901 Thread 0x000002a767bfdf60 Uncommon trap: reason=predicate action=maybe_recompile pc=0x000002a7537005a4 method=java.util.TimSort.binarySort([Ljava/lang/Object;IIILjava/util/Comparator;)V @ 34 c2
Event: 4694.902 Thread 0x000002a767bfdf60 DEOPT PACKING pc=0x000002a7537005a4 sp=0x000000e4c17fad70
Event: 4694.902 Thread 0x000002a767bfdf60 DEOPT UNPACKING pc=0x000002a7530323a3 sp=0x000000e4c17fad20 mode 2

Classes unloaded (20 events):
Event: 4654.646 Thread 0x000002a7625881b0 Unloading class 0x000002a701028800 'java/lang/invoke/LambdaForm$MH+0x000002a701028800'
Event: 4654.646 Thread 0x000002a7625881b0 Unloading class 0x000002a701028000 'java/lang/invoke/LambdaForm$MH+0x000002a701028000'
Event: 4654.647 Thread 0x000002a7625881b0 Unloading class 0x000002a701019c00 'java/lang/invoke/LambdaForm$MH+0x000002a701019c00'
Event: 4654.647 Thread 0x000002a7625881b0 Unloading class 0x000002a701019800 'java/lang/invoke/LambdaForm$MH+0x000002a701019800'
Event: 4654.647 Thread 0x000002a7625881b0 Unloading class 0x000002a701019400 'java/lang/invoke/LambdaForm$MH+0x000002a701019400'
Event: 4654.647 Thread 0x000002a7625881b0 Unloading class 0x000002a701019000 'java/lang/invoke/LambdaForm$MH+0x000002a701019000'
Event: 4654.647 Thread 0x000002a7625881b0 Unloading class 0x000002a701018c00 'java/lang/invoke/LambdaForm$MH+0x000002a701018c00'
Event: 4654.647 Thread 0x000002a7625881b0 Unloading class 0x000002a701018800 'java/lang/invoke/LambdaForm$MH+0x000002a701018800'
Event: 4654.647 Thread 0x000002a7625881b0 Unloading class 0x000002a701018400 'java/lang/invoke/LambdaForm$MH+0x000002a701018400'
Event: 4654.647 Thread 0x000002a7625881b0 Unloading class 0x000002a701018000 'java/lang/invoke/LambdaForm$MH+0x000002a701018000'
Event: 4654.647 Thread 0x000002a7625881b0 Unloading class 0x000002a70100fc00 'java/lang/invoke/LambdaForm$MH+0x000002a70100fc00'
Event: 4654.647 Thread 0x000002a7625881b0 Unloading class 0x000002a70100f800 'java/lang/invoke/LambdaForm$MH+0x000002a70100f800'
Event: 4654.647 Thread 0x000002a7625881b0 Unloading class 0x000002a70100f400 'java/lang/invoke/LambdaForm$MH+0x000002a70100f400'
Event: 4654.647 Thread 0x000002a7625881b0 Unloading class 0x000002a70100f000 'java/lang/invoke/LambdaForm$MH+0x000002a70100f000'
Event: 4654.647 Thread 0x000002a7625881b0 Unloading class 0x000002a70100ec00 'java/lang/invoke/LambdaForm$MH+0x000002a70100ec00'
Event: 4654.647 Thread 0x000002a7625881b0 Unloading class 0x000002a70100e800 'java/lang/invoke/LambdaForm$MH+0x000002a70100e800'
Event: 4654.647 Thread 0x000002a7625881b0 Unloading class 0x000002a70100d800 'java/lang/invoke/LambdaForm$MH+0x000002a70100d800'
Event: 4654.647 Thread 0x000002a7625881b0 Unloading class 0x000002a70100d000 'java/lang/invoke/LambdaForm$MH+0x000002a70100d000'
Event: 4654.647 Thread 0x000002a7625881b0 Unloading class 0x000002a70100c800 'java/lang/invoke/LambdaForm$MH+0x000002a70100c800'
Event: 4654.647 Thread 0x000002a7625881b0 Unloading class 0x000002a70100c000 'java/lang/invoke/LambdaForm$MH+0x000002a70100c000'

Classes redefined (0 events):
No events

Internal exceptions (20 events):
Event: 35.934 Thread 0x000002a7673001e0 Implicit null exception at 0x000002a753703eeb to 0x000002a753705d68
Event: 41.669 Thread 0x000002a767bfdf60 Exception <a 'java/lang/NoSuchMethodError'{0x000000008af969e0}: 'java.lang.Object java.lang.invoke.DirectMethodHandle$Holder.newInvokeSpecial(java.lang.Object, java.lang.Object, java.lang.Object, double, double, double, double, int, int, int, int, int, int, int, int, int)'> (0x000000008af969e0) 
thrown [s\open\src\hotspot\share\interpreter\linkResolver.cpp, line 759]
Event: 47.947 Thread 0x000002a767bfdf60 Exception <a 'java/lang/NoSuchMethodError'{0x000000008a8eaed0}: 'void java.lang.invoke.DirectMethodHandle$Holder.invokeSpecialIFC(java.lang.Object, java.lang.Object, int, java.lang.Object, java.lang.Object, java.lang.Object, java.lang.Object)'> (0x000000008a8eaed0) 
thrown [s\open\src\hotspot\share\interpreter\linkResolver.cpp, line 759]
Event: 48.052 Thread 0x000002a767bfdf60 Exception <a 'java/lang/IncompatibleClassChangeError'{0x000000008a666ae8}: Found class java.lang.Object, but interface was expected> (0x000000008a666ae8) 
thrown [s\open\src\hotspot\share\interpreter\linkResolver.cpp, line 826]
Event: 48.071 Thread 0x000002a767bfdf60 Exception <a 'java/lang/NullPointerException'{0x000000008a512168}> (0x000000008a512168) 
thrown [s\open\src\hotspot\share\interpreter\linkResolver.cpp, line 1350]
Event: 48.083 Thread 0x000002a767bfdf60 Implicit null exception at 0x000002a7535dfe8a to 0x000002a7535e06bc
Event: 48.084 Thread 0x000002a767bfdf60 Implicit null exception at 0x000002a753afd82e to 0x000002a753afd874
Event: 131.255 Thread 0x000002a767bfdf60 Implicit null exception at 0x000002a753b8fd29 to 0x000002a753b903ac
Event: 131.339 Thread 0x000002a7673001e0 Implicit null exception at 0x000002a7536ffad0 to 0x000002a7536ffb30
Event: 131.342 Thread 0x000002a7673001e0 Implicit null exception at 0x000002a753a2398e to 0x000002a753a25eec
Event: 4635.915 Thread 0x000002a767bfdf60 Exception <a 'java/lang/NoSuchMethodError'{0x000000008b351068}: 'java.lang.Object java.lang.invoke.DirectMethodHandle$Holder.newInvokeSpecial(java.lang.Object, java.lang.Object, int, int, int, int, int, java.lang.Object)'> (0x000000008b351068) 
thrown [s\open\src\hotspot\share\interpreter\linkResolver.cpp, line 759]
Event: 4635.940 Thread 0x000002a767bfdf60 Exception <a 'java/lang/NoSuchMethodError'{0x000000008b363d50}: 'java.lang.Object java.lang.invoke.DirectMethodHandle$Holder.newInvokeSpecial(java.lang.Object, java.lang.Object, java.lang.Object, int, int, int, int, int)'> (0x000000008b363d50) 
thrown [s\open\src\hotspot\share\interpreter\linkResolver.cpp, line 759]
Event: 4635.945 Thread 0x000002a767bfdf60 Exception <a 'java/lang/NoSuchMethodError'{0x000000008b36b520}: 'java.lang.Object java.lang.invoke.Invokers$Holder.linkToTargetMethod(java.lang.Object, java.lang.Object, int, int, int, int, int, java.lang.Object)'> (0x000000008b36b520) 
thrown [s\open\src\hotspot\share\interpreter\linkResolver.cpp, line 759]
Event: 4640.603 Thread 0x000002a767bfdf60 Implicit null exception at 0x000002a753c4cdff to 0x000002a753c4f329
Event: 4658.130 Thread 0x000002a7673001e0 Implicit null exception at 0x000002a753c33560 to 0x000002a753c353bc
Event: 4683.336 Thread 0x000002a767bfdf60 Implicit null exception at 0x000002a753c62a99 to 0x000002a753c65da6
Event: 4694.823 Thread 0x000002a767bfdf60 Implicit null exception at 0x000002a7537f6436 to 0x000002a7537f6d94
Event: 4694.824 Thread 0x000002a767bfdf60 Implicit null exception at 0x000002a7537a77b7 to 0x000002a7537a7e9c
Event: 4694.888 Thread 0x000002a767bfdf60 Implicit null exception at 0x000002a753948956 to 0x000002a753949458
Event: 4696.206 Thread 0x000002a767bfdf60 Exception <a 'java/lang/NullPointerException'{0x000000008b473330}> (0x000000008b473330) 
thrown [s\open\src\hotspot\share\interpreter\linkResolver.cpp, line 1350]

VM Operations (20 events):
Event: 4686.622 Executing VM operation: Cleanup
Event: 4686.623 Executing VM operation: Cleanup done
Event: 4692.625 Executing VM operation: Cleanup
Event: 4692.625 Executing VM operation: Cleanup done
Event: 4694.626 Executing VM operation: Cleanup
Event: 4694.627 Executing VM operation: Cleanup done
Event: 4696.627 Executing VM operation: Cleanup
Event: 4696.628 Executing VM operation: Cleanup done
Event: 4705.637 Executing VM operation: Cleanup
Event: 4705.640 Executing VM operation: Cleanup done
Event: 4708.671 Executing VM operation: HandshakeAllThreads
Event: 4708.673 Executing VM operation: HandshakeAllThreads done
Event: 4734.870 Executing VM operation: Cleanup
Event: 4734.877 Executing VM operation: Cleanup done
Event: 4735.877 Executing VM operation: Cleanup
Event: 4735.879 Executing VM operation: Cleanup done
Event: 4736.879 Executing VM operation: Cleanup
Event: 4736.879 Executing VM operation: Cleanup done
Event: 4737.879 Executing VM operation: Cleanup
Event: 4737.880 Executing VM operation: Cleanup done

Events (20 events):
Event: 4661.656 Thread 0x000002a7625acd40 flushing nmethod 0x000002a74cd6e110
Event: 4661.656 Thread 0x000002a7625acd40 flushing nmethod 0x000002a74cd6fb90
Event: 4661.656 Thread 0x000002a7625acd40 flushing nmethod 0x000002a74cd75410
Event: 4661.656 Thread 0x000002a7625acd40 flushing nmethod 0x000002a74cd7f610
Event: 4661.656 Thread 0x000002a7625acd40 flushing nmethod 0x000002a74cd80610
Event: 4661.656 Thread 0x000002a7625acd40 flushing nmethod 0x000002a74cd92b90
Event: 4661.656 Thread 0x000002a7625acd40 flushing nmethod 0x000002a74cdb7e90
Event: 4661.656 Thread 0x000002a7625acd40 flushing nmethod 0x000002a74cdc1090
Event: 4661.656 Thread 0x000002a7625acd40 flushing nmethod 0x000002a74cde1a90
Event: 4661.656 Thread 0x000002a7625acd40 flushing nmethod 0x000002a74cde2390
Event: 4661.656 Thread 0x000002a7625acd40 flushing nmethod 0x000002a74cde5510
Event: 4661.656 Thread 0x000002a7625acd40 flushing nmethod 0x000002a74cdeca10
Event: 4661.656 Thread 0x000002a7625acd40 flushing nmethod 0x000002a74cdff590
Event: 4661.657 Thread 0x000002a7625acd40 flushing nmethod 0x000002a74ce26310
Event: 4661.657 Thread 0x000002a7625acd40 flushing nmethod 0x000002a74ce39090
Event: 4661.658 Thread 0x000002a7625acd40 flushing nmethod 0x000002a74ce86310
Event: 4661.658 Thread 0x000002a7625acd40 flushing nmethod 0x000002a74cf61c10
Event: 4661.658 Thread 0x000002a7625acd40 flushing nmethod 0x000002a74cf75f10
Event: 4661.658 Thread 0x000002a7625acd40 flushing nmethod 0x000002a74cf7eb90
Event: 4661.658 Thread 0x000002a7625acd40 flushing nmethod 0x000002a74cf89710


Dynamic libraries:
0x00007ff70b440000 - 0x00007ff70b450000 	C:\Program Files\Java\jdk-17\bin\java.exe
0x00007ffa6a140000 - 0x00007ffa6a3a7000 	C:\windows\SYSTEM32\ntdll.dll
0x00007ffa68d10000 - 0x00007ffa68dd9000 	C:\windows\System32\KERNEL32.DLL
0x00007ffa66d60000 - 0x00007ffa67154000 	C:\windows\System32\KERNELBASE.dll
0x00007ffa66a10000 - 0x00007ffa66b5b000 	C:\windows\System32\ucrtbase.dll
0x00007ffa49170000 - 0x00007ffa49189000 	C:\Program Files\Java\jdk-17\bin\jli.dll
0x00007ffa684c0000 - 0x00007ffa68576000 	C:\windows\System32\ADVAPI32.dll
0x00007ffa49150000 - 0x00007ffa4916b000 	C:\Program Files\Java\jdk-17\bin\VCRUNTIME140.dll
0x00007ffa680a0000 - 0x00007ffa68149000 	C:\windows\System32\msvcrt.dll
0x00007ffa69300000 - 0x00007ffa693a7000 	C:\windows\System32\sechost.dll
0x00007ffa693b0000 - 0x00007ffa694c8000 	C:\windows\System32\RPCRT4.dll
0x00007ffa67ed0000 - 0x00007ffa68095000 	C:\windows\System32\USER32.dll
0x00007ffa67b40000 - 0x00007ffa67b67000 	C:\windows\System32\win32u.dll
0x00007ffa521c0000 - 0x00007ffa52453000 	C:\windows\WinSxS\amd64_microsoft.windows.common-controls_6595b64144ccf1df_6.0.26100.8115_none_3e075c82e3354f9c\COMCTL32.dll
0x00007ffa68490000 - 0x00007ffa684bb000 	C:\windows\System32\GDI32.dll
0x00007ffa67da0000 - 0x00007ffa67ecb000 	C:\windows\System32\gdi32full.dll
0x00007ffa67220000 - 0x00007ffa672c3000 	C:\windows\System32\msvcp_win.dll
0x00007ffa5f6c0000 - 0x00007ffa5f6cb000 	C:\windows\SYSTEM32\VERSION.dll
0x00007ffa69560000 - 0x00007ffa69592000 	C:\windows\System32\IMM32.DLL
0x00007ffa610f0000 - 0x00007ffa610fc000 	C:\Program Files\Java\jdk-17\bin\vcruntime140_1.dll
0x00007ffa490c0000 - 0x00007ffa4914e000 	C:\Program Files\Java\jdk-17\bin\msvcp140.dll
0x00007ff9abd50000 - 0x00007ff9ac930000 	C:\Program Files\Java\jdk-17\bin\server\jvm.dll
0x00007ffa69720000 - 0x00007ffa69728000 	C:\windows\System32\PSAPI.DLL
0x00007ffa61150000 - 0x00007ffa61186000 	C:\windows\SYSTEM32\WINMM.dll
0x00007ffa53fd0000 - 0x00007ffa53fda000 	C:\windows\SYSTEM32\WSOCK32.dll
0x00007ffa694d0000 - 0x00007ffa69550000 	C:\windows\System32\WS2_32.dll
0x00007ffa65770000 - 0x00007ffa6578b000 	C:\windows\SYSTEM32\kernel.appcore.dll
0x00007ffa54530000 - 0x00007ffa5453a000 	C:\Program Files\Java\jdk-17\bin\jimage.dll
0x00007ffa64380000 - 0x00007ffa645c2000 	C:\windows\SYSTEM32\DBGHELP.DLL
0x00007ffa68e70000 - 0x00007ffa691f2000 	C:\windows\System32\combase.dll
0x00007ffa69220000 - 0x00007ffa692f8000 	C:\windows\System32\OLEAUT32.dll
0x00007ffa470d0000 - 0x00007ffa4710b000 	C:\windows\SYSTEM32\dbgcore.DLL
0x00007ffa67cf0000 - 0x00007ffa67d95000 	C:\windows\System32\bcryptPrimitives.dll
0x00007ffa53e70000 - 0x00007ffa53e7e000 	C:\Program Files\Java\jdk-17\bin\instrument.dll
0x00007ffa49090000 - 0x00007ffa490b5000 	C:\Program Files\Java\jdk-17\bin\java.dll
0x00007ffa40390000 - 0x00007ffa40467000 	C:\Program Files\Java\jdk-17\bin\jsvml.dll
0x00007ffa69730000 - 0x00007ffa69e97000 	C:\windows\System32\SHELL32.dll
0x00007ffa66b60000 - 0x00007ffa66cca000 	C:\windows\System32\wintypes.dll
0x00007ffa672d0000 - 0x00007ffa67b38000 	C:\windows\System32\windows.storage.dll
0x00007ffa69620000 - 0x00007ffa69718000 	C:\windows\System32\SHCORE.dll
0x00007ffa69ea0000 - 0x00007ffa69f06000 	C:\windows\System32\shlwapi.dll
0x00007ffa66930000 - 0x00007ffa66959000 	C:\windows\SYSTEM32\profapi.dll
0x00007ffa46c00000 - 0x00007ffa46c18000 	C:\Program Files\Java\jdk-17\bin\zip.dll
0x00007ffa49070000 - 0x00007ffa49089000 	C:\Program Files\Java\jdk-17\bin\net.dll
0x00007ffa60250000 - 0x00007ffa6037d000 	C:\windows\SYSTEM32\WINHTTP.dll
0x00007ffa65cf0000 - 0x00007ffa65d5c000 	C:\windows\system32\mswsock.dll
0x00007ffa46c20000 - 0x00007ffa46c36000 	C:\Program Files\Java\jdk-17\bin\nio.dll
0x000002a7441a0000 - 0x000002a7441a3000 	C:\Users\anant\.openjfx\cache\21+31\amd64\api-ms-win-core-console-l1-1-0.dll
0x000002a7441b0000 - 0x000002a7441b3000 	C:\Users\anant\.openjfx\cache\21+31\amd64\api-ms-win-core-console-l1-2-0.dll
0x000002a762af0000 - 0x000002a762af3000 	C:\Users\anant\.openjfx\cache\21+31\amd64\api-ms-win-core-datetime-l1-1-0.dll
0x000002a762b00000 - 0x000002a762b03000 	C:\Users\anant\.openjfx\cache\21+31\amd64\api-ms-win-core-debug-l1-1-0.dll
0x000002a762b10000 - 0x000002a762b13000 	C:\Users\anant\.openjfx\cache\21+31\amd64\api-ms-win-core-errorhandling-l1-1-0.dll
0x000002a762b20000 - 0x000002a762b24000 	C:\Users\anant\.openjfx\cache\21+31\amd64\api-ms-win-core-file-l1-1-0.dll
0x000002a762b30000 - 0x000002a762b33000 	C:\Users\anant\.openjfx\cache\21+31\amd64\api-ms-win-core-file-l1-2-0.dll
0x000002a762b40000 - 0x000002a762b43000 	C:\Users\anant\.openjfx\cache\21+31\amd64\api-ms-win-core-file-l2-1-0.dll
0x000002a762b50000 - 0x000002a762b53000 	C:\Users\anant\.openjfx\cache\21+31\amd64\api-ms-win-core-handle-l1-1-0.dll
0x000002a762b60000 - 0x000002a762b63000 	C:\Users\anant\.openjfx\cache\21+31\amd64\api-ms-win-core-heap-l1-1-0.dll
0x000002a762b70000 - 0x000002a762b73000 	C:\Users\anant\.openjfx\cache\21+31\amd64\api-ms-win-core-interlocked-l1-1-0.dll
0x000002a762b80000 - 0x000002a762b83000 	C:\Users\anant\.openjfx\cache\21+31\amd64\api-ms-win-core-libraryloader-l1-1-0.dll
0x000002a762b90000 - 0x000002a762b93000 	C:\Users\anant\.openjfx\cache\21+31\amd64\api-ms-win-core-localization-l1-2-0.dll
0x000002a762ba0000 - 0x000002a762ba3000 	C:\Users\anant\.openjfx\cache\21+31\amd64\api-ms-win-core-memory-l1-1-0.dll
0x000002a762bb0000 - 0x000002a762bb3000 	C:\Users\anant\.openjfx\cache\21+31\amd64\api-ms-win-core-namedpipe-l1-1-0.dll
0x000002a762bc0000 - 0x000002a762bc3000 	C:\Users\anant\.openjfx\cache\21+31\amd64\api-ms-win-core-processenvironment-l1-1-0.dll
0x000002a762bd0000 - 0x000002a762bd3000 	C:\Users\anant\.openjfx\cache\21+31\amd64\api-ms-win-core-processthreads-l1-1-0.dll
0x000002a762be0000 - 0x000002a762be3000 	C:\Users\anant\.openjfx\cache\21+31\amd64\api-ms-win-core-processthreads-l1-1-1.dll
0x000002a762bf0000 - 0x000002a762bf3000 	C:\Users\anant\.openjfx\cache\21+31\amd64\api-ms-win-core-profile-l1-1-0.dll
0x000002a762c00000 - 0x000002a762c03000 	C:\Users\anant\.openjfx\cache\21+31\amd64\api-ms-win-core-rtlsupport-l1-1-0.dll
0x000002a762c10000 - 0x000002a762c13000 	C:\Users\anant\.openjfx\cache\21+31\amd64\api-ms-win-core-string-l1-1-0.dll
0x000002a762c20000 - 0x000002a762c23000 	C:\Users\anant\.openjfx\cache\21+31\amd64\api-ms-win-core-synch-l1-1-0.dll
0x000002a762c30000 - 0x000002a762c33000 	C:\Users\anant\.openjfx\cache\21+31\amd64\api-ms-win-core-synch-l1-2-0.dll
0x000002a762c40000 - 0x000002a762c43000 	C:\Users\anant\.openjfx\cache\21+31\amd64\api-ms-win-core-sysinfo-l1-1-0.dll
0x000002a762c50000 - 0x000002a762c53000 	C:\Users\anant\.openjfx\cache\21+31\amd64\api-ms-win-core-timezone-l1-1-0.dll
0x000002a762c60000 - 0x000002a762c63000 	C:\Users\anant\.openjfx\cache\21+31\amd64\api-ms-win-core-util-l1-1-0.dll
0x000002a762c70000 - 0x000002a762c73000 	C:\Users\anant\.openjfx\cache\21+31\amd64\api-ms-win-crt-conio-l1-1-0.dll
0x000002a762c80000 - 0x000002a762c84000 	C:\Users\anant\.openjfx\cache\21+31\amd64\api-ms-win-crt-convert-l1-1-0.dll
0x000002a762c90000 - 0x000002a762c93000 	C:\Users\anant\.openjfx\cache\21+31\amd64\api-ms-win-crt-environment-l1-1-0.dll
0x000002a762ca0000 - 0x000002a762ca3000 	C:\Users\anant\.openjfx\cache\21+31\amd64\api-ms-win-crt-filesystem-l1-1-0.dll
0x000002a762cb0000 - 0x000002a762cb3000 	C:\Users\anant\.openjfx\cache\21+31\amd64\api-ms-win-crt-heap-l1-1-0.dll
0x000002a762cc0000 - 0x000002a762cc3000 	C:\Users\anant\.openjfx\cache\21+31\amd64\api-ms-win-crt-locale-l1-1-0.dll
0x000002a762cd0000 - 0x000002a762cd5000 	C:\Users\anant\.openjfx\cache\21+31\amd64\api-ms-win-crt-math-l1-1-0.dll
0x000002a762ce0000 - 0x000002a762ce5000 	C:\Users\anant\.openjfx\cache\21+31\amd64\api-ms-win-crt-multibyte-l1-1-0.dll
0x000002a762cf0000 - 0x000002a762d00000 	C:\Users\anant\.openjfx\cache\21+31\amd64\api-ms-win-crt-private-l1-1-0.dll
0x000002a762d00000 - 0x000002a762d03000 	C:\Users\anant\.openjfx\cache\21+31\amd64\api-ms-win-crt-process-l1-1-0.dll
0x000002a762d10000 - 0x000002a762d14000 	C:\Users\anant\.openjfx\cache\21+31\amd64\api-ms-win-crt-runtime-l1-1-0.dll
0x000002a762d20000 - 0x000002a762d24000 	C:\Users\anant\.openjfx\cache\21+31\amd64\api-ms-win-crt-stdio-l1-1-0.dll
0x000002a762d30000 - 0x000002a762d34000 	C:\Users\anant\.openjfx\cache\21+31\amd64\api-ms-win-crt-string-l1-1-0.dll
0x000002a762d40000 - 0x000002a762d43000 	C:\Users\anant\.openjfx\cache\21+31\amd64\api-ms-win-crt-time-l1-1-0.dll
0x000002a762d50000 - 0x000002a762d53000 	C:\Users\anant\.openjfx\cache\21+31\amd64\api-ms-win-crt-utility-l1-1-0.dll
0x00007ffa24780000 - 0x00007ffa2487c000 	C:\Users\anant\.openjfx\cache\21+31\amd64\ucrtbase.dll
0x00007ffa46be0000 - 0x00007ffa46bfb000 	C:\Users\anant\.openjfx\cache\21+31\amd64\vcruntime140.dll
0x00007ffa51950000 - 0x00007ffa5195c000 	C:\Users\anant\.openjfx\cache\21+31\amd64\vcruntime140_1.dll
0x00007ffa42380000 - 0x00007ffa4240e000 	C:\Users\anant\.openjfx\cache\21+31\amd64\msvcp140.dll
0x00007ffa68ae0000 - 0x00007ffa68c77000 	C:\windows\System32\ole32.dll
0x00007ffa49060000 - 0x00007ffa49069000 	C:\Users\anant\.openjfx\cache\21+31\amd64\msvcp140_1.dll
0x00007ffa44a40000 - 0x00007ffa44a6f000 	C:\Users\anant\.openjfx\cache\21+31\amd64\msvcp140_2.dll
0x00007ffa44a10000 - 0x00007ffa44a3f000 	C:\Users\anant\.openjfx\cache\21+31\amd64\prism_d3d.dll
0x00007ffa30400000 - 0x00007ffa305b2000 	C:\windows\system32\d3d9.dll
0x00007ffa64260000 - 0x00007ffa6428f000 	C:\windows\SYSTEM32\dwmapi.dll
0x00007ffa64080000 - 0x00007ffa640c3000 	C:\windows\SYSTEM32\dxcore.dll
0x00007ffa63fa0000 - 0x00007ffa64049000 	C:\windows\system32\uxtheme.dll
0x00007ffa30160000 - 0x00007ffa303ff000 	C:\windows\System32\DriverStore\FileRepository\iigd_dch.inf_amd64_edb55cc929a37466\igdumdim64.dll
0x00007ffa2df90000 - 0x00007ffa2fc2d000 	C:\windows\System32\DriverStore\FileRepository\iigd_dch.inf_amd64_edb55cc929a37466\igd9trinity64.dll
0x00007ffa640d0000 - 0x00007ffa64211000 	C:\windows\system32\dxgi.dll
0x00007ffa66870000 - 0x00007ffa668ce000 	C:\windows\SYSTEM32\powrprof.dll
0x00007ffa66850000 - 0x00007ffa66864000 	C:\windows\SYSTEM32\UMPDC.dll
0x00007ffa5cb30000 - 0x00007ffa5d0db000 	C:\windows\System32\DriverStore\FileRepository\iigd_dch.inf_amd64_edb55cc929a37466\igdgmm64.dll
0x00007ffa57840000 - 0x00007ffa5caf4000 	C:\windows\System32\DriverStore\FileRepository\iigd_dch.inf_amd64_edb55cc929a37466\igc64.dll
0x00007ffa30b00000 - 0x00007ffa30b4e000 	C:\windows\SYSTEM32\ControlLib.dll
0x00007ffa66580000 - 0x00007ffa665d1000 	C:\windows\SYSTEM32\CFGMGR32.dll
0x00007ffa2ded0000 - 0x00007ffa2df82000 	C:\windows\System32\DriverStore\FileRepository\iigd_dch.inf_amd64_edb55cc929a37466\IntelControlLib.dll
0x00007ffa62f70000 - 0x00007ffa631d3000 	C:\windows\SYSTEM32\d3d11.dll
0x00007ffa60fd0000 - 0x00007ffa61031000 	C:\windows\SYSTEM32\directxdatabasehelper.dll
0x00007ffa2c760000 - 0x00007ffa2decb000 	C:\windows\System32\DriverStore\FileRepository\iigd_dch.inf_amd64_edb55cc929a37466\igd9dxva64.dll
0x00007ffa68640000 - 0x00007ffa68ac7000 	C:\windows\System32\SETUPAPI.dll
0x00007ffa4d630000 - 0x00007ffa4f703000 	C:\windows\System32\DriverStore\FileRepository\iigd_dch.inf_amd64_edb55cc929a37466\media_bin_64.dll
0x00007ffa41280000 - 0x00007ffa412c2000 	C:\Users\anant\.openjfx\cache\21+31\amd64\glass.dll
0x00007ffa68150000 - 0x00007ffa6823f000 	C:\windows\System32\COMDLG32.dll
0x00007ffa69fa0000 - 0x00007ffa6a0fc000 	C:\windows\System32\MSCTF.dll
0x00007ffa05e00000 - 0x00007ffa05fa1000 	C:\windows\System32\DriverStore\FileRepository\iigd_dch.inf_amd64_edb55cc929a37466\igdml64.dll
0x00007ffa530c0000 - 0x00007ffa530e8000 	C:\windows\System32\DriverStore\FileRepository\iigd_dch.inf_amd64_edb55cc929a37466\igdinfo64.dll
0x00007ffa65fd0000 - 0x00007ffa65feb000 	C:\windows\SYSTEM32\CRYPTSP.dll
0x00007ffa656d0000 - 0x00007ffa65709000 	C:\windows\system32\rsaenh.dll
0x00007ffa65da0000 - 0x00007ffa65dd3000 	C:\windows\SYSTEM32\USERENV.dll
0x00007ffa66900000 - 0x00007ffa6692a000 	C:\windows\SYSTEM32\bcrypt.dll
0x00007ffa65ff0000 - 0x00007ffa65ffc000 	C:\windows\SYSTEM32\CRYPTBASE.dll
0x00007ffa65140000 - 0x00007ffa65172000 	C:\windows\SYSTEM32\IPHLPAPI.DLL
0x00007ffa68c80000 - 0x00007ffa68c8a000 	C:\windows\System32\NSI.dll
0x00007ffa61300000 - 0x00007ffa6131d000 	C:\windows\SYSTEM32\dhcpcsvc6.DLL

dbghelp: loaded successfully - version: 4.0.5 - missing functions: none
symbol engine: initialized successfully - sym options: 0x614 - pdb path: .;C:\Program Files\Java\jdk-17\bin;C:\windows\SYSTEM32;C:\windows\WinSxS\amd64_microsoft.windows.common-controls_6595b64144ccf1df_6.0.26100.8115_none_3e075c82e3354f9c;C:\Program Files\Java\jdk-17\bin\server;C:\Users\anant\.openjfx\cache\21+31\amd64;C:\windows\System32\DriverStore\FileRepository\iigd_dch.inf_amd64_edb55cc929a37466;C:\Program Files\Common Files\Microsoft Shared\Ink

VM Arguments:
jvm_args: -javaagent:C:\Program Files\JetBrains\IntelliJ IDEA 2025.3.1.1\lib\idea_rt.jar=59893 -Dfile.encoding=UTF-8 
java_command: com.jobwork.AppLauncher
java_class_path (initial): E:\Jobwork\target\classes;C:\Users\anant\.m2\repository\org\openjfx\javafx-controls\21\javafx-controls-21.jar;C:\Users\anant\.m2\repository\org\openjfx\javafx-controls\21\javafx-controls-21-win.jar;C:\Users\anant\.m2\repository\org\openjfx\javafx-graphics\21\javafx-graphics-21.jar;C:\Users\anant\.m2\repository\org\openjfx\javafx-graphics\21\javafx-graphics-21-win.jar;C:\Users\anant\.m2\repository\org\openjfx\javafx-base\21\javafx-base-21.jar;C:\Users\anant\.m2\repository\org\openjfx\javafx-base\21\javafx-base-21-win.jar;C:\Users\anant\.m2\repository\org\openjfx\javafx-fxml\21\javafx-fxml-21.jar;C:\Users\anant\.m2\repository\org\openjfx\javafx-fxml\21\javafx-fxml-21-win.jar;C:\Users\anant\.m2\repository\org\springframework\boot\spring-boot-starter\3.3.2\spring-boot-starter-3.3.2.jar;C:\Users\anant\.m2\repository\org\springframework\boot\spring-boot\3.3.2\spring-boot-3.3.2.jar;C:\Users\anant\.m2\repository\org\springframework\spring-context\6.1.11\spring-context-6.1.11.jar;C:\Users\anant\.m2\repository\org\springframework\spring-expression\6.1.11\spring-expression-6.1.11.jar;C:\Users\anant\.m2\repository\io\micrometer\micrometer-observation\1.13.2\micrometer-observation-1.13.2.jar;C:\Users\anant\.m2\repository\io\micrometer\micrometer-commons\1.13.2\micrometer-commons-1.13.2.jar;C:\Users\anant\.m2\repository\org\springframework\boot\spring-boot-autoconfigure\3.3.2\spring-boot-autoconfigure-3.3.2.jar;C:\Users\anant\.m2\repository\org\springframework\boot\spring-boot-starter-logging\3.3.2\spring-boot-starter-logging-3.3.2.jar;C:\Users\anant\.m2\repository\ch\qos\logback\logback-classic\1.5.6\logback-classic-1.5.6.jar;C:\Users\anant\.m2\repository\ch\qos\logback\logback-core\1.5.6\logback-core-1.5.6.jar;C:\Users\anant\.m2\repository\org\apache\logging\log4j\log4j-to-slf4j\2.23.1\log4j-to-slf4j-2.23.1.jar;C:\Users\anant\.m2\repository\org\slf4j\jul-to-slf4j\2.0.13\jul-to-slf4j-2.0.13.jar;C:\Users\anant\.m2\repository\jakarta\annotation\jakarta
Launcher Type: SUN_STANDARD

[Global flags]
     intx CICompilerCount                          = 4                                         {product} {ergonomic}
     uint ConcGCThreads                            = 3                                         {product} {ergonomic}
     uint G1ConcRefinementThreads                  = 10                                        {product} {ergonomic}
   size_t G1HeapRegionSize                         = 1048576                                   {product} {ergonomic}
    uintx GCDrainStackTargetSize                   = 64                                        {product} {ergonomic}
   size_t InitialHeapSize                          = 130023424                                 {product} {ergonomic}
   size_t MarkStackSize                            = 4194304                                   {product} {ergonomic}
   size_t MaxHeapSize                              = 2065694720                                {product} {ergonomic}
   size_t MaxNewSize                               = 1239416832                                {product} {ergonomic}
   size_t MinHeapDeltaBytes                        = 1048576                                   {product} {ergonomic}
   size_t MinHeapSize                              = 8388608                                   {product} {ergonomic}
    uintx NonNMethodCodeHeapSize                   = 5839372                                {pd product} {ergonomic}
    uintx NonProfiledCodeHeapSize                  = 122909434                              {pd product} {ergonomic}
    uintx ProfiledCodeHeapSize                     = 122909434                              {pd product} {ergonomic}
    uintx ReservedCodeCacheSize                    = 251658240                              {pd product} {ergonomic}
     bool SegmentedCodeCache                       = true                                      {product} {ergonomic}
   size_t SoftMaxHeapSize                          = 2065694720                             {manageable} {ergonomic}
     bool UseCompressedClassPointers               = true                           {product lp64_product} {ergonomic}
     bool UseCompressedOops                        = true                           {product lp64_product} {ergonomic}
     bool UseG1GC                                  = true                                      {product} {ergonomic}
     bool UseLargePagesIndividualAllocation        = false                                  {pd product} {ergonomic}

Logging:
Log output configuration:
 #0: stdout all=warning uptime,level,tags
 #1: stderr all=off uptime,level,tags

Environment Variables:
JAVA_HOME=C:\Program Files\Java\jdk-17
PATH=C:\Program Files\Common Files\Oracle\Java\javapath;C:\windows\system32;C:\windows;C:\windows\System32\Wbem;C:\windows\System32\WindowsPowerShell\v1.0\;C:\windows\System32\OpenSSH\;C:\Program Files\dotnet\;C:\Program Files\Java\jdk-17\bin;C:\Program Files\apache-maven-3.9.12\bin;C:\Program Files\Git\cmd;C:\Program Files\nodejs\;C:\Users\anant\AppData\Local\Programs\Python\Python314\Scripts\;C:\Users\anant\AppData\Local\Programs\Python\Python314\;C:\Program Files (x86)\DOSBox-0.74;C:\Users\anant\AppData\Local\Microsoft\WindowsApps;C:\Users\anant\AppData\Roaming\npm;C:\Program Files\nodejs\;C:\Users\anant\AppData\Local\Programs\Microsoft VS Code\bin;C:\Program Files (x86)\WiX Toolset v3.14\bin;
USERNAME=anant
OS=Windows_NT
PROCESSOR_IDENTIFIER=Intel64 Family 6 Model 186 Stepping 3, GenuineIntel



---------------  S Y S T E M  ---------------

OS:
 Windows 11 , 64 bit Build 26100 (10.0.26100.8246)
OS uptime: 0 days 2:11 hours
Hyper-V role detected

CPU: total 12 (initial active 12) (6 cores per cpu, 2 threads per core) family 6 model 186 stepping 3 microcode 0x6134, cx8, cmov, fxsr, ht, mmx, 3dnowpref, sse, sse2, sse3, ssse3, sse4.1, sse4.2, popcnt, lzcnt, tsc, tscinvbit, avx, avx2, aes, erms, clmul, bmi1, bmi2, adx, sha, fma, vzeroupper, clflush, clflushopt, clwb, hv

Memory: 4k page, system-wide physical 7876M (1298M free)
TotalPageFile size 32452M (AvailPageFile size 0M)
current process WorkingSet (physical memory assigned to process): 85M, peak: 556M
current process commit charge ("private bytes"): 573M, peak: 616M

vm_info: Java HotSpot(TM) 64-Bit Server VM (17.0.12+8-LTS-286) for windows-amd64 JRE (17.0.12+8-LTS-286), built on Jun  5 2024 06:46:59 by "mach5one" with MS VC++ 17.6 (VS2022)

END.
